{ // msie 
,textDecorationBlink:'false' >cx 'textDecorationBlink' >cs 'undefined'
,scrollbarFaceColor:'' >cx 'scrollbarFaceColor' >cs 'undefined'
,clip:'' >cx 'clip' >cs 'undefined'
,tableLayout:'' >cx 'tableLayout' >cs 'undefined'
,fontSize:'16px' >cx 'fontSize' >cs 'undefined'
,wordSpacing:'' >cx 'wordSpacing' >cs 'undefined'
,fontWeight:'' >cx 'fontWeight' >cs 'undefined'
,backgroundPositionX:'' >cx 'backgroundPositionX' >cs 'undefined'
,paddingRight:'' >cx 'paddingRight' >cs 'undefined'
,scrollbarTrackColor:'' >cx 'scrollbarTrackColor' >cs 'undefined'
,position:'' >cx 'position' >cs 'undefined'
,backgroundPosition:'' >cx 'backgroundPosition' >cs 'undefined'
,imeMode:'' >cx 'imeMode' >cs 'undefined'
,whiteSpace:'' >cx 'whiteSpace' >cs 'undefined'
,outline:'' >cx 'outline' >cs 'undefined'
,borderWidth:'' >cx 'borderWidth' >cs 'undefined'
,borderLeftWidth:'' >cx 'borderLeftWidth' >cs 'undefined'
,counterIncrement:'' >cx 'counterIncrement' >cs 'undefined'
,scrollbarArrowColor:'' >cx 'scrollbarArrowColor' >cs 'undefined'
,filter:'' >cx 'filter' >cs 'undefined'
,msBlockProgression:'' >cx 'msBlockProgression' >cs 'undefined'
,borderLeftStyle:'' >cx 'borderLeftStyle' >cs 'undefined'
,maxHeight:'' >cx 'maxHeight' >cs 'undefined'
,textDecorationNone:'false' >cx 'textDecorationNone' >cs 'undefined'
,textDecorationOverline:'false' >cx 'textDecorationOverline' >cs 'undefined'
,posLeft:'0' >cx 'posLeft' >cs 'undefined'
,borderTopStyle:'' >cx 'borderTopStyle' >cs 'undefined'
,borderTopColor:'' >cx 'borderTopColor' >cs 'undefined'
,borderLeft:'' >cx 'borderLeft' >cs 'undefined'
,textAutospace:'' >cx 'textAutospace' >cs 'undefined'
,scrollbarDarkShadowColor:'' >cx 'scrollbarDarkShadowColor' >cs 'undefined'
,paddingBottom:'' >cx 'paddingBottom' >cs 'undefined'
,backgroundRepeat:'' >cx 'backgroundRepeat' >cs 'undefined'
,minWidth:'' >cx 'minWidth' >cs 'undefined'
,borderTopWidth:'' >cx 'borderTopWidth' >cs 'undefined'
,pageBreakBefore:'' >cx 'pageBreakBefore' >cs 'undefined'
,borderCollapse:'' >cx 'borderCollapse' >cs 'undefined'
,posBottom:'0' >cx 'posBottom' >cs 'undefined'
,borderTop:'' >cx 'borderTop' >cs 'undefined'
,widows:'' >cx 'widows' >cs 'undefined'
,marginBottom:'' >cx 'marginBottom' >cs 'undefined'
,layoutFlow:'' >cx 'layoutFlow' >cs 'undefined'
,posWidth:'0' >cx 'posWidth' >cs 'undefined'
,unicodeBidi:'' >cx 'unicodeBidi' >cs 'undefined'
,borderBottomColor:'' >cx 'borderBottomColor' >cs 'undefined'
,posTop:'0' >cx 'posTop' >cs 'undefined'
,textDecoration:'' >cx 'textDecoration' >cs 'undefined'
,paddingLeft:'' >cx 'paddingLeft' >cs 'undefined'
,boxSizing:'' >cx 'boxSizing' >cs 'undefined'
,margin:'' >cx 'margin' >cs 'undefined'
,borderBottomWidth:'' >cx 'borderBottomWidth' >cs 'undefined'
,borderSpacing:'' >cx 'borderSpacing' >cs 'undefined'
,backgroundImage:'' >cx 'backgroundImage' >cs 'undefined'
,textAlignLast:'' >cx 'textAlignLast' >cs 'undefined'
,width:'' >cx 'width' >cs 'undefined'
,bottom:'' >cx 'bottom' >cs 'undefined'
,scrollbarShadowColor:'' >cx 'scrollbarShadowColor' >cs 'undefined'
,textAlign:'' >cx 'textAlign' >cs 'undefined'
,border:'' >cx 'border' >cs 'undefined'
,pageBreakInside:'' >cx 'pageBreakInside' >cs 'undefined'
,marginRight:'' >cx 'marginRight' >cs 'undefined'
,emptyCells:'' >cx 'emptyCells' >cs 'undefined'
,layoutGridLine:'' >cx 'layoutGridLine' >cs 'undefined'
,lineHeight:'' >cx 'lineHeight' >cs 'undefined'
,zoom:'' >cx 'zoom' >cs 'undefined'
,textKashida:'' >cx 'textKashida' >cs 'undefined'
,verticalAlign:'' >cx 'verticalAlign' >cs 'undefined'
,display:'' >cx 'display' >cs 'undefined'
,zIndex:'0' >cx 'zIndex' >cs 'undefined'
,font:'' >cx 'font' >cs 'undefined'
,posHeight:'0' >cx 'posHeight' >cs 'undefined'
,writingMode:'' >cx 'writingMode' >cs 'undefined'
,direction:'' >cx 'direction' >cs 'undefined'
,cssText:'FONT-SIZE: 16px' >cx 'cssText' >cs 'undefined'
,overflowX:'' >cx 'overflowX' >cs 'undefined'
,overflowY:'' >cx 'overflowY' >cs 'undefined'
,orphans:'' >cx 'orphans' >cs 'undefined'
,marginTop:'' >cx 'marginTop' >cs 'undefined'
,listStyleImage:'' >cx 'listStyleImage' >cs 'undefined'
,background:'' >cx 'background' >cs 'undefined'
,layoutGridMode:'' >cx 'layoutGridMode' >cs 'undefined'
,styleFloat:'' >cx 'styleFloat' >cs 'undefined'
,backgroundPositionY:'' >cx 'backgroundPositionY' >cs 'undefined'
,backgroundColor:'' >cx 'backgroundColor' >cs 'undefined'
,scrollbarBaseColor:'' >cx 'scrollbarBaseColor' >cs 'undefined'
,textJustify:'' >cx 'textJustify' >cs 'undefined'
,wordWrap:'' >cx 'wordWrap' >cs 'undefined'
,layoutGrid:'' >cx 'layoutGrid' >cs 'undefined'
,height:'' >cx 'height' >cs 'undefined'
,textJustifyTrim:'' >cx 'textJustifyTrim' >cs 'undefined'
,marginLeft:'' >cx 'marginLeft' >cs 'undefined'
,fontFamily:'' >cx 'fontFamily' >cs 'undefined'
,visibility:'' >cx 'visibility' >cs 'undefined'
,scrollbarHighlightColor:'' >cx 'scrollbarHighlightColor' >cs 'undefined'
,borderBottom:'' >cx 'borderBottom' >cs 'undefined'
,layoutGridType:'' >cx 'layoutGridType' >cs 'undefined'
,maxWidth:'' >cx 'maxWidth' >cs 'undefined'
,color:'' >cx 'color' >cs 'undefined'
,borderBottomStyle:'' >cx 'borderBottomStyle' >cs 'undefined'
,borderRightStyle:'' >cx 'borderRightStyle' >cs 'undefined'
,textKashidaSpace:'' >cx 'textKashidaSpace' >cs 'undefined'
,layoutGridChar:'' >cx 'layoutGridChar' >cs 'undefined'
,borderRightColor:'' >cx 'borderRightColor' >cs 'undefined'
,counterReset:'' >cx 'counterReset' >cs 'undefined'
,pageBreakAfter:'' >cx 'pageBreakAfter' >cs 'undefined'
,listStyle:'' >cx 'listStyle' >cs 'undefined'
,borderRightWidth:'' >cx 'borderRightWidth' >cs 'undefined'
,textUnderlinePosition:'' >cx 'textUnderlinePosition' >cs 'undefined'
,captionSide:'' >cx 'captionSide' >cs 'undefined'
,clear:'' >cx 'clear' >cs 'undefined'
,textOverflow:'' >cx 'textOverflow' >cs 'undefined'
,posRight:'0' >cx 'posRight' >cs 'undefined'
,letterSpacing:'' >cx 'letterSpacing' >cs 'undefined'
,borderStyle:'' >cx 'borderStyle' >cs 'undefined'
,paddingTop:'' >cx 'paddingTop' >cs 'undefined'
,borderColor:'' >cx 'borderColor' >cs 'undefined'
,msInterpolationMode:'' >cx 'msInterpolationMode' >cs 'undefined'
,outlineStyle:'' >cx 'outlineStyle' >cs 'undefined'
,overflow:'' >cx 'overflow' >cs 'undefined'
,textDecorationLineThrough:'false' >cx 'textDecorationLineThrough' >cs 'undefined'
,quotes:'' >cx 'quotes' >cs 'undefined'
,backgroundAttachment:'' >cx 'backgroundAttachment' >cs 'undefined'
,borderRight:'' >cx 'borderRight' >cs 'undefined'
,minHeight:'' >cx 'minHeight' >cs 'undefined'
,fontStyle:'' >cx 'fontStyle' >cs 'undefined'
,rubyAlign:'' >cx 'rubyAlign' >cs 'undefined'
,content:'' >cx 'content' >cs 'undefined'
,outlineColor:'' >cx 'outlineColor' >cs 'undefined'
,padding:'' >cx 'padding' >cs 'undefined'
,top:'' >cx 'top' >cs '[object]'
,fontVariant:'' >cx 'fontVariant' >cs 'undefined'
,cursor:'' >cx 'cursor' >cs 'undefined'
,right:'' >cx 'right' >cs 'undefined'
,borderLeftColor:'' >cx 'borderLeftColor' >cs 'undefined'
,outlineWidth:'' >cx 'outlineWidth' >cs 'undefined'
,textTransform:'' >cx 'textTransform' >cs 'undefined'
,listStylePosition:'' >cx 'listStylePosition' >cs 'undefined'
,wordBreak:'' >cx 'wordBreak' >cs 'undefined'
,scrollbar3dLightColor:'' >cx 'scrollbar3dLightColor' >cs 'undefined'
,rubyPosition:'' >cx 'rubyPosition' >cs 'undefined'
,textIndent:'' >cx 'textIndent' >cs 'undefined'
,textDecorationUnderline:'false' >cx 'textDecorationUnderline' >cs 'undefined'
,lineBreak:'' >cx 'lineBreak' >cs 'undefined'
,behavior:'' >cx 'behavior' >cs 'undefined'
,rubyOverhang:'' >cx 'rubyOverhang' >cs 'undefined'
,accelerator:'false' >cx 'accelerator' >cs 'undefined'
,listStyleType:'' >cx 'listStyleType' >cs 'undefined'
,left:'' >cx 'left' >cs 'undefined'
} // cnt=148 undef=0 obj=0 empty=133

{ // seamonkey firefox
,0:'font-size' >cx 'undefined' >cs 'align-items'
,MozAppearance:'' >cx 'undefined' >cs 'none'
,MozOutlineRadius:'' >cx 'undefined' >cs ''
,MozOutlineRadiusTopleft:'' >cx 'undefined' >cs '0px'
,MozOutlineRadiusTopright:'' >cx 'undefined' >cs '0px'
,MozOutlineRadiusBottomright:'' >cx 'undefined' >cs '0px'
,MozOutlineRadiusBottomleft:'' >cx 'undefined' >cs '0px'
,MozTabSize:'' >cx 'undefined' >cs '8'
,animation:'' >cx 'undefined' >cs ''
,animationDelay:'' >cx 'undefined' >cs '0s'
,animationDirection:'' >cx 'undefined' >cs 'normal'
,animationDuration:'' >cx 'undefined' >cs '0s'
,animationFillMode:'' >cx 'undefined' >cs 'none'
,animationIterationCount:'' >cx 'undefined' >cs '1'
,animationName:'' >cx 'undefined' >cs 'none'
,animationPlayState:'' >cx 'undefined' >cs 'running'
,animationTimingFunction:'' >cx 'undefined' >cs 'cubic-bezier(0.25, 0.1, 0.25, 1)'
,background:'' >cx 'undefined' >cs ''
,backgroundAttachment:'' >cx 'undefined' >cs 'scroll'
,backgroundClip:'' >cx 'undefined' >cs 'border-box'
,backgroundColor:'' >cx 'undefined' >cs 'transparent'
,backgroundImage:'' >cx 'undefined' >cs 'none'
,MozBackgroundInlinePolicy:'' >cx 'undefined' >cs 'continuous'
,backgroundOrigin:'' >cx 'undefined' >cs 'padding-box'
,backgroundPosition:'' >cx 'undefined' >cs '0% 0%'
,backgroundRepeat:'' >cx 'undefined' >cs 'repeat'
,backgroundSize:'' >cx 'undefined' >cs 'auto auto'
,MozBinding:'' >cx 'undefined' >cs 'none'
,border:'' >cx 'undefined' >cs ''
,borderBottom:'' >cx 'undefined' >cs ''
,borderBottomColor:'' >cx 'undefined' >cs 'rgb(102, 102, 102)'
,MozBorderBottomColors:'' >cx 'undefined' >cs 'none'
,borderBottomStyle:'' >cx 'undefined' >cs 'none'
,borderBottomWidth:'' >cx 'undefined' >cs '0px'
,borderCollapse:'' >cx 'undefined' >cs 'separate'
,borderColor:'' >cx 'undefined' >cs ''
,MozBorderEnd:'' >cx 'undefined' >cs ''
,MozBorderEndColor:'' >cx 'undefined' >cs ''
,MozBorderEndStyle:'' >cx 'undefined' >cs ''
,MozBorderEndWidth:'' >cx 'undefined' >cs ''
,borderImage:'' >cx 'undefined' >cs ''
,borderImageSource:'' >cx 'undefined' >cs 'none'
,borderImageSlice:'' >cx 'undefined' >cs '100% 100% 100% 100%'
,borderImageWidth:'' >cx 'undefined' >cs '1 1 1 1'
,borderImageOutset:'' >cx 'undefined' >cs '0 0 0 0'
,borderImageRepeat:'' >cx 'undefined' >cs 'stretch stretch'
,borderLeft:'' >cx 'undefined' >cs ''
,borderLeftColor:'' >cx 'undefined' >cs 'rgb(102, 102, 102)'
,MozBorderLeftColors:'' >cx 'undefined' >cs 'none'
,borderLeftStyle:'' >cx 'undefined' >cs 'none'
,borderLeftWidth:'' >cx 'undefined' >cs '0px'
,borderRight:'' >cx 'undefined' >cs ''
,borderRightColor:'' >cx 'undefined' >cs 'rgb(102, 102, 102)'
,MozBorderRightColors:'' >cx 'undefined' >cs 'none'
,borderRightStyle:'' >cx 'undefined' >cs 'none'
,borderRightWidth:'' >cx 'undefined' >cs '0px'
,borderSpacing:'' >cx 'undefined' >cs '0px 0px'
,MozBorderStart:'' >cx 'undefined' >cs ''
,MozBorderStartColor:'' >cx 'undefined' >cs ''
,MozBorderStartStyle:'' >cx 'undefined' >cs ''
,MozBorderStartWidth:'' >cx 'undefined' >cs ''
,borderStyle:'' >cx 'undefined' >cs ''
,borderTop:'' >cx 'undefined' >cs ''
,borderTopColor:'' >cx 'undefined' >cs 'rgb(102, 102, 102)'
,MozBorderTopColors:'' >cx 'undefined' >cs 'none'
,borderTopStyle:'' >cx 'undefined' >cs 'none'
,borderTopWidth:'' >cx 'undefined' >cs '0px'
,borderWidth:'' >cx 'undefined' >cs ''
,borderRadius:'' >cx 'undefined' >cs ''
,borderTopLeftRadius:'' >cx 'undefined' >cs '0px'
,borderTopRightRadius:'' >cx 'undefined' >cs '0px'
,borderBottomRightRadius:'' >cx 'undefined' >cs '0px'
,borderBottomLeftRadius:'' >cx 'undefined' >cs '0px'
,bottom:'' >cx 'undefined' >cs 'auto'
,boxShadow:'' >cx 'undefined' >cs 'none'
,MozBoxSizing:'' >cx 'undefined' >cs 'content-box'
,captionSide:'' >cx 'undefined' >cs 'top'
,clear:'' >cx 'undefined' >cs 'none'
,clip:'' >cx 'undefined' >cs 'auto'
,color:'' >cx 'undefined' >cs 'rgb(204, 204, 204)'
,MozColumns:'' >cx 'undefined' >cs ''
,MozColumnCount:'' >cx 'undefined' >cs 'auto'
,MozColumnWidth:'' >cx 'undefined' >cs 'auto'
,MozColumnGap:'' >cx 'undefined' >cs '16px'
,MozColumnRule:'' >cx 'undefined' >cs ''
,MozColumnRuleColor:'' >cx 'undefined' >cs 'rgb(204, 204, 204)'
,MozColumnRuleStyle:'' >cx 'undefined' >cs 'none'
,MozColumnRuleWidth:'' >cx 'undefined' >cs '0px'
,content:'' >cx 'undefined' >cs 'none'
,counterIncrement:'' >cx 'undefined' >cs 'none'
,counterReset:'' >cx 'undefined' >cs 'none'
,cursor:'' >cx 'undefined' >cs 'auto'
,direction:'' >cx 'undefined' >cs 'ltr'
,display:'' >cx 'undefined' >cs 'inline'
,emptyCells:'' >cx 'undefined' >cs '-moz-show-background'
,cssFloat:'' >cx 'undefined' >cs 'none'
,MozFloatEdge:'' >cx 'undefined' >cs 'content-box'
,font:'' >cx 'undefined' >cs ''
,fontFamily:'' >cx 'undefined' >cs 'Tahoma,Verdana,Arial,Helvetica'
,MozFontFeatureSettings:'' >cx 'undefined' >cs 'normal'
,MozFontLanguageOverride:'' >cx 'undefined' >cs 'normal'
,fontSize:'16px' >cx 'undefined' >cs '16px'
,fontSizeAdjust:'' >cx 'undefined' >cs 'none'
,fontStretch:'' >cx 'undefined' >cs 'normal'
,fontStyle:'' >cx 'undefined' >cs 'normal'
,fontVariant:'' >cx 'undefined' >cs 'normal'
,fontWeight:'' >cx 'undefined' >cs '400'
,MozForceBrokenImageIcon:'' >cx 'undefined' >cs '0'
,height:'' >cx 'undefined' >cs 'auto'
,MozImageRegion:'' >cx 'undefined' >cs 'auto'
,imeMode:'' >cx 'undefined' >cs 'auto'
,left:'' >cx 'undefined' >cs 'auto'
,letterSpacing:'' >cx 'undefined' >cs 'normal'
,lineHeight:'' >cx 'undefined' >cs '18px'
,listStyle:'' >cx 'undefined' >cs ''
,listStyleImage:'' >cx 'undefined' >cs 'none'
,listStylePosition:'' >cx 'undefined' >cs 'outside'
,listStyleType:'' >cx 'undefined' >cs 'disc'
,margin:'' >cx 'undefined' >cs ''
,marginBottom:'' >cx 'undefined' >cs '0px'
,MozMarginEnd:'' >cx 'undefined' >cs ''
,marginLeft:'' >cx 'undefined' >cs '0px'
,marginRight:'' >cx 'undefined' >cs '0px'
,MozMarginStart:'' >cx 'undefined' >cs ''
,marginTop:'' >cx 'undefined' >cs '0px'
,markerOffset:'' >cx 'undefined' >cs 'auto'
,marks:'' >cx 'undefined' >cs ''
,maxHeight:'' >cx 'undefined' >cs 'none'
,maxWidth:'' >cx 'undefined' >cs 'none'
,minHeight:'' >cx 'undefined' >cs '0px'
,minWidth:'' >cx 'undefined' >cs '0px'
,opacity:'' >cx 'undefined' >cs '1'
,MozOrient:'' >cx 'undefined' >cs 'horizontal'
,orphans:'' >cx 'undefined' >cs ''
,outline:'' >cx 'undefined' >cs ''
,outlineColor:'' >cx 'undefined' >cs 'rgb(0, 0, 0)'
,outlineStyle:'' >cx 'undefined' >cs 'none'
,outlineWidth:'' >cx 'undefined' >cs '0px'
,outlineOffset:'' >cx 'undefined' >cs '0px'
,overflow:'' >cx 'undefined' >cs 'visible'
,overflowX:'' >cx 'undefined' >cs 'visible'
,overflowY:'' >cx 'undefined' >cs 'visible'
,padding:'' >cx 'undefined' >cs ''
,paddingBottom:'' >cx 'undefined' >cs '0px'
,MozPaddingEnd:'' >cx 'undefined' >cs ''
,paddingLeft:'' >cx 'undefined' >cs '0px'
,paddingRight:'' >cx 'undefined' >cs '0px'
,MozPaddingStart:'' >cx 'undefined' >cs ''
,paddingTop:'' >cx 'undefined' >cs '0px'
,page:'' >cx 'undefined' >cs ''
,pageBreakAfter:'' >cx 'undefined' >cs 'auto'
,pageBreakBefore:'' >cx 'undefined' >cs 'auto'
,pageBreakInside:'' >cx 'undefined' >cs 'auto'
,pointerEvents:'' >cx 'undefined' >cs 'auto'
,position:'' >cx 'undefined' >cs 'static'
,quotes:'' >cx 'undefined' >cs '"“" "”" "‘" "’"'
,resize:'' >cx 'undefined' >cs 'none'
,right:'' >cx 'undefined' >cs 'auto'
,size:'' >cx 'undefined' >cs ''
,tableLayout:'' >cx 'undefined' >cs 'auto'
,textAlign:'' >cx 'undefined' >cs 'left'
,MozTextAlignLast:'' >cx 'undefined' >cs 'auto'
,textDecoration:'' >cx 'undefined' >cs 'none'
,MozTextBlink:'' >cx 'undefined' >cs 'none'
,MozTextDecorationColor:'' >cx 'undefined' >cs 'rgb(204, 204, 204)'
,MozTextDecorationLine:'' >cx 'undefined' >cs 'none'
,MozTextDecorationStyle:'' >cx 'undefined' >cs 'solid'
,textIndent:'' >cx 'undefined' >cs '0px'
,textOverflow:'' >cx 'undefined' >cs 'clip'
,textShadow:'' >cx 'undefined' >cs 'none'
,MozTextSizeAdjust:'' >cx 'undefined' >cs 'auto'
,textTransform:'' >cx 'undefined' >cs 'none'
,transform:'' >cx 'undefined' >cs 'none'
,transformOrigin:'' >cx 'undefined' >cs '0px 0px'
,perspectiveOrigin:'' >cx 'undefined' >cs '0px 0px'
,perspective:'' >cx 'undefined' >cs 'none'
,transformStyle:'' >cx 'undefined' >cs 'flat'
,backfaceVisibility:'' >cx 'undefined' >cs 'visible'
,top:'' >cx 'undefined' >cs 'auto'
,transition:'' >cx 'undefined' >cs ''
,transitionDelay:'' >cx 'undefined' >cs '0s'
,transitionDuration:'' >cx 'undefined' >cs '0s'
,transitionProperty:'' >cx 'undefined' >cs 'all'
,transitionTimingFunction:'' >cx 'undefined' >cs 'cubic-bezier(0.25, 0.1, 0.25, 1)'
,unicodeBidi:'' >cx 'undefined' >cs 'normal'
,MozUserFocus:'' >cx 'undefined' >cs 'none'
,MozUserInput:'' >cx 'undefined' >cs 'auto'
,MozUserModify:'' >cx 'undefined' >cs 'read-only'
,MozUserSelect:'' >cx 'undefined' >cs 'auto'
,verticalAlign:'' >cx 'undefined' >cs 'baseline'
,visibility:'' >cx 'undefined' >cs 'visible'
,whiteSpace:'' >cx 'undefined' >cs 'normal'
,widows:'' >cx 'undefined' >cs ''
,width:'' >cx 'undefined' >cs 'auto'
,MozWindowShadow:'' >cx 'undefined' >cs 'default'
,wordBreak:'' >cx 'undefined' >cs 'normal'
,wordSpacing:'' >cx 'undefined' >cs '0px'
,wordWrap:'' >cx 'undefined' >cs 'normal'
,MozHyphens:'' >cx 'undefined' >cs 'manual'
,zIndex:'' >cx 'undefined' >cs 'auto'
,MozBoxAlign:'' >cx 'undefined' >cs 'stretch'
,MozBoxDirection:'' >cx 'undefined' >cs 'normal'
,MozBoxFlex:'' >cx 'undefined' >cs '0'
,MozBoxOrient:'' >cx 'undefined' >cs 'horizontal'
,MozBoxPack:'' >cx 'undefined' >cs 'start'
,MozBoxOrdinalGroup:'' >cx 'undefined' >cs '1'
,MozStackSizing:'' >cx 'undefined' >cs 'stretch-to-fit'
,clipPath:'' >cx 'undefined' >cs 'none'
,clipRule:'' >cx 'undefined' >cs 'nonzero'
,colorInterpolation:'' >cx 'undefined' >cs 'srgb'
,colorInterpolationFilters:'' >cx 'undefined' >cs 'linearrgb'
,dominantBaseline:'' >cx 'undefined' >cs 'auto'
,fill:'' >cx 'undefined' >cs 'rgb(0, 0, 0)'
,fillOpacity:'' >cx 'undefined' >cs '1'
,fillRule:'' >cx 'undefined' >cs 'nonzero'
,filter:'' >cx 'undefined' >cs 'none'
,floodColor:'' >cx 'undefined' >cs 'rgb(0, 0, 0)'
,floodOpacity:'' >cx 'undefined' >cs '1'
,imageRendering:'' >cx 'undefined' >cs 'auto'
,lightingColor:'' >cx 'undefined' >cs 'rgb(255, 255, 255)'
,marker:'' >cx 'undefined' >cs ''
,markerEnd:'' >cx 'undefined' >cs 'none'
,markerMid:'' >cx 'undefined' >cs 'none'
,markerStart:'' >cx 'undefined' >cs 'none'
,mask:'' >cx 'undefined' >cs 'none'
,shapeRendering:'' >cx 'undefined' >cs 'auto'
,stopColor:'' >cx 'undefined' >cs 'rgb(0, 0, 0)'
,stopOpacity:'' >cx 'undefined' >cs '1'
,stroke:'' >cx 'undefined' >cs 'none'
,strokeDasharray:'' >cx 'undefined' >cs 'none'
,strokeDashoffset:'' >cx 'undefined' >cs '0px'
,strokeLinecap:'' >cx 'undefined' >cs 'butt'
,strokeLinejoin:'' >cx 'undefined' >cs 'miter'
,strokeMiterlimit:'' >cx 'undefined' >cs '4'
,strokeOpacity:'' >cx 'undefined' >cs '1'
,strokeWidth:'' >cx 'undefined' >cs '1px'
,textAnchor:'' >cx 'undefined' >cs 'start'
,textRendering:'' >cx 'undefined' >cs 'auto'
,vectorEffect:'' >cx 'undefined' >cs 'none'
,MozTransform:'' >cx 'undefined' >cs 'none'
,MozTransformOrigin:'' >cx 'undefined' >cs '0px 0px'
,MozPerspectiveOrigin:'' >cx 'undefined' >cs '0px 0px'
,MozPerspective:'' >cx 'undefined' >cs 'none'
,MozTransformStyle:'' >cx 'undefined' >cs 'flat'
,MozBackfaceVisibility:'' >cx 'undefined' >cs 'visible'
,MozBorderImage:'' >cx 'undefined' >cs ''
,MozTransition:'' >cx 'undefined' >cs ''
,MozTransitionDelay:'' >cx 'undefined' >cs '0s'
,MozTransitionDuration:'' >cx 'undefined' >cs '0s'
,MozTransitionProperty:'' >cx 'undefined' >cs 'all'
,MozTransitionTimingFunction:'' >cx 'undefined' >cs 'cubic-bezier(0.25, 0.1, 0.25, 1)'
,MozAnimation:'' >cx 'undefined' >cs ''
,MozAnimationDelay:'' >cx 'undefined' >cs '0s'
,MozAnimationDirection:'' >cx 'undefined' >cs 'normal'
,MozAnimationDuration:'' >cx 'undefined' >cs '0s'
,MozAnimationFillMode:'' >cx 'undefined' >cs 'none'
,MozAnimationIterationCount:'' >cx 'undefined' >cs '1'
,MozAnimationName:'' >cx 'undefined' >cs 'none'
,MozAnimationPlayState:'' >cx 'undefined' >cs 'running'
,MozAnimationTimingFunction:'' >cx 'undefined' >cs 'cubic-bezier(0.25, 0.1, 0.25, 1)'
,item:'function item() { [native code] }' >cx 'undefined' >cs 'function item() { [native code] }'
,getPropertyValue:'function getPropertyValue() { [native code] }' >cx 'undefined' >cs 'function getPropertyValue() { [native code] }'
,getPropertyCSSValue:'function getPropertyCSSValue() { [native code] }' >cx 'undefined' >cs 'function getPropertyCSSValue() { [native code] }'
,getPropertyPriority:'function getPropertyPriority() { [native code] }' >cx 'undefined' >cs 'function getPropertyPriority() { [native code] }'
,setProperty:'function setProperty() { [native code] }' >cx 'undefined' >cs 'function setProperty() { [native code] }'
,removeProperty:'function removeProperty() { [native code] }' >cx 'undefined' >cs 'function removeProperty() { [native code] }'
,iterator:'function iterator() { [native code] }' >cx 'undefined' >cs 'function iterator() { [native code] }'
,cssText:'font-size: 16px;' >cx 'undefined' >cs ''
,length:'1' >cx 'undefined' >cs '208'
} // cnt=270 undef=0 obj=1 empty=258