desktop.ini
fnt.lnk
fontorg.hta
FontOrg.lst
fontorg3.htm
fontorg-catalog.hta
fontorg-catalog.htm
fontorg-info.htm
-\fontorg srciptdev.session
-\fontorg.npp-ses
fonts-data\1998.06 plakat-APUS.AFS
fonts-data\1998.06 plakat-PULSAR.afs
fonts-data\2002.07 dnevnik-InDesign20CE.afs
fonts-data\2003.08 dnevnik-InDesign20CE.afs
fonts-data\2003.08 windows-Starter-Set.afs
fonts-data\2004.11 dnevnik.afs
fonts-data\2006.10 bulsa.afs
fonts-data\2007.01 ea.afs
fonts-data\2007.04 praktis-a.afs
fonts-data\2007.04 praktis-b.afs
fonts-data\2008.01 praktis-a.afs
fonts-data\2008.01 praktis-b.afs
fonts-data\2008.11 majority3-b.afs
fonts-data\2008.12 ea-a.afs
fonts-data\2008.12 ea-b.afs
fonts-data\2009.03 jimi nonserif.afs
fonts-data\2009.03 jimi Starter Set.afs
fonts-data\2010.06 kamea-comp2-c.afs
fonts-data\2010.08 ea.afs
fonts-data\2010.11 ea.afs
fonts-data\2010.11 ea.js
fonts-data\2010.12 ea.afs
fonts-data\2010.12 ea.js
fonts-data\2010.12 ea.reg
ico\Ab.ico
ico\string.ico
InD_font\InD_Font.log
InD_font\InD_font-cat.indd
InD_font\InD_font-cat.TXT
InD_font\InD_FontLog.vbs
lib\activex-init.js
lib\date.js
lib\env.js
lib\load.js
lib\load.js.lnk
lib\load_err.log
lib\loader.js
lib\out-htm2.js
lib\paths.js
lib\root&load.js
lib\subwindows.js
lib\utils.js
notes\!test1.rtf
notes\!test2.RTF
notes\@.htm
notes\+set win cyr.zip
notes\+VPF get fnt name.zip
notes\Desktop.ini
notes\euroscalecoated.icc
notes\fnt.lnk
notes\Font Viewer - 4umi useful Javascript(ie).mht
notes\FontForge.URL
notes\fontlist.htm
notes\fontlist_0.htm
notes\fontlist_1.htm
notes\fontorg-descr_old.htm
notes\Fonts.praktis.lnk
notes\GlobalMonospace.CompositeFont
notes\GlobalSansSerif.CompositeFont
notes\GlobalSerif.CompositeFont
notes\GlobalUserInterface.CompositeFont
notes\mac-cyr.txt
notes\macfonts.rtf
notes\Microsoft Typography - Features of TrueType and OpenType.URL
notes\Microsoft Typography - Font properties extension, version 2.30.URL
notes\Microsoft Typography - Free font information, TrueType, OpenType, ClearType.URL
notes\More info about AT Font Genet.URL
notes\Premium Font Manager to view, control and manage your fonts (by Veign) - Cfont Pro.URL
notes\UnionBank typeface.lnk
notes\Win32FontsInfo - search.cpan.org.URL
notes\Win32FontsInfo.URL
notes\WinFontsView  View samples of Windows fonts installed on your system.htm
notes\WinFontsView readme.txt
notes\WinFontsView.cfg
notes\WinFontsView.chm
notes\WinFontsView.exe
notes\WinFontsView_lng.ini
notes\winfontsview_russian.zip
notes\wscRGB.icc
notes\wsRGB.icc
notes\adobefnt\AdbW1Fnt07.lst
notes\adobefnt\AdbW1Fnt07.lst.lnk
notes\adobefnt\AdobeCMapFnt09.lst
notes\adobefnt\AdobeComFnt09.lst
notes\adobefnt\AdobeFnt.lst
notes\adobefnt\AdobeFnt.lst.lnk
notes\adobefnt\adobefnt.lst.txt
notes\adobefnt\AdobeFnt05.lst
notes\adobefnt\AdobeFnt05.lst.lnk
notes\adobefnt\AdobeFnt06.lst
notes\adobefnt\AdobeFnt06.lst.lnk
notes\adobefnt\AdobeFnt07.lst
notes\adobefnt\AdobeFnt07-.lst
notes\adobefnt\AdobeFnt07.lst.lnk
notes\adobefnt\AdobeFnt07-.lst.lnk
notes\adobefnt\AdobeFnt09.lst
notes\adobefnt\AdobeFnt09.lst.lnk
notes\adobefnt\AdobeFnt10.lst
notes\adobefnt\AdobeFnt10.lst (2).lnk
notes\adobefnt\AdobeFnt10.lst.lnk
notes\adobefnt\AdobeFnt11.lst
notes\adobefnt\AdobeFnt11.lst.lnk
notes\adobefnt\AdobeSysFnt09.lst
notes\reg\FontMapper.reg
notes\reg\Fonts-1.reg
notes\reg\FontSubstitutes.reg
notes\reg\rest FontSubstitutes.reg
notes\reg\test FontSubstitutes.reg
notes\WinFontsView  View samples of Windows fonts installed on your system_files\48x48_ie_logo.jpg
notes\WinFontsView  View samples of Windows fonts installed on your system_files\60x60_at_firefox_toolbar.jpg
notes\WinFontsView  View samples of Windows fonts installed on your system_files\addthis_widget.js
notes\WinFontsView  View samples of Windows fonts installed on your system_files\atbkg.png
notes\WinFontsView  View samples of Windows fonts installed on your system_files\atf02.gif
notes\WinFontsView  View samples of Windows fonts installed on your system_files\atsh00.png
notes\WinFontsView  View samples of Windows fonts installed on your system_files\brand.js
notes\WinFontsView  View samples of Windows fonts installed on your system_files\button1-addthis.gif
notes\WinFontsView  View samples of Windows fonts installed on your system_files\feed00.gif
notes\WinFontsView  View samples of Windows fonts installed on your system_files\ga.js
notes\WinFontsView  View samples of Windows fonts installed on your system_files\glogo2321.gif
notes\WinFontsView  View samples of Windows fonts installed on your system_files\gmail.gif
notes\WinFontsView  View samples of Windows fonts installed on your system_files\google_custom_search_watermark.gif
notes\WinFontsView  View samples of Windows fonts installed on your system_files\hotmail.gif
notes\WinFontsView  View samples of Windows fonts installed on your system_files\logo88.gif
notes\WinFontsView  View samples of Windows fonts installed on your system_files\main.css
notes\WinFontsView  View samples of Windows fonts installed on your system_files\menubg.gif
notes\WinFontsView  View samples of Windows fonts installed on your system_files\menutomain.gif
notes\WinFontsView  View samples of Windows fonts installed on your system_files\nirsoft2.gif
notes\WinFontsView  View samples of Windows fonts installed on your system_files\sh29.html
notes\WinFontsView  View samples of Windows fonts installed on your system_files\show_ads.js
notes\WinFontsView  View samples of Windows fonts installed on your system_files\show_ads-1.js
notes\WinFontsView  View samples of Windows fonts installed on your system_files\show_ads-2.js
notes\WinFontsView  View samples of Windows fonts installed on your system_files\tab00.gif
notes\WinFontsView  View samples of Windows fonts installed on your system_files\toptomain.gif
notes\WinFontsView  View samples of Windows fonts installed on your system_files\whatnewbg.gif
notes\WinFontsView  View samples of Windows fonts installed on your system_files\widget25.png
notes\WinFontsView  View samples of Windows fonts installed on your system_files\widget25_32x32.png
notes\WinFontsView  View samples of Windows fonts installed on your system_files\widget49.css
notes\WinFontsView  View samples of Windows fonts installed on your system_files\winfontsview.gif
notes\WinFontsView  View samples of Windows fonts installed on your system_files\winfontsview_icon.gif
notes\WinFontsView  View samples of Windows fonts installed on your system_files\yahoo.gif
scr\!fonts.ind-tags-txt.txt
scr\afs-load.js
scr\Desktop.ini
scr\fo.css
scr\fo-.css
scr\fontorg-def.js
scr\fontorg-desc.js
scr\fontorg-func.js
scr\fontorg-info.js
scr\fontorg-ui.js
scr\js-export.js
scr\reg.js
scr\rtf-export.js
scr\stl.js
scr\styles.js
